node:events:487
      throw er; // Unhandled 'error' event
      ^

Error: listen EADDRINUSE: address already in use :::3000
    at Server.setupListenHandle [as _listen2] (node:net:2009:16)
    at listenInCluster (node:net:2066:12)
    at Server.listen (node:net:2171:7)
    at app.listen (C:\Users\jgenz\Documents\DVN-FDL-Theorie-Pruefung\pruefung\node_modules\express\lib\application.js:635:24)
    at C:\Users\jgenz\Documents\DVN-FDL-Theorie-Pruefung\pruefung\server.js:145:7
Emitted 'error' event on Server instance at:
    at emitErrorNT (node:net:2045:8)
    at process.processTicksAndRejections (node:internal/process/task_queues:90:21) {
  code: 'EADDRINUSE',
  errno: -4091,
  syscall: 'listen',
  address: '::',
  port: 3000
}

Node.js v24.18.0
Assertion failed: !(handle->flags & UV_HANDLE_CLOSING), file src\win\async.c, line 94
